
> med-hub-web@1.0.0 test
> vitest run


[1m[46m RUN [49m[22m [36mv4.0.18 [39m[90mC:/Users/Administrator/Desktop/capybara holding/med-hub-web[39m

node.exe : (node:23680) 
[MODULE_TYPELESS_PACKAGE_JSON] 
Warning: Module type of file:///
C:/Users/Administrator/Desktop/c
apybara%20holding/med-hub-web/po
stcss.config.js?t=1769876688480 
is not specified and it doesn't 
parse as CommonJS.
At line:1 char:1
+ & "C:\Program 
Files\nodejs/node.exe" 
"C:\Program 
Files\nodejs/node_mo ...
+ ~~~~~~~~~~~~~~~~~~~~~~~~~~~~~~
~~~~~~~~~~~~~~~~~~~~~~~~~~~~~~~~
~~~~~~~
    + CategoryInfo          : N 
   otSpecified: ((node:23680)   
  [M...se as CommonJS.:String   
 ) [], RemoteException
    + FullyQualifiedErrorId : N 
   ativeCommandError
 
Reparsing as ES module because 
module syntax was detected. 
This incurs a performance 
overhead.
To eliminate this warning, add 
"type": "module" to C:\Users\Adm
inistrator\Desktop\capybara hold
ing\med-hub-web\package.json.
(Use `node --trace-warnings 
...` to show where the warning 
was created)
Error: useAuth must be used 
within an AuthProvider
    at useAuth (C:/Users/Adminis
trator/Desktop/capybara holding/
med-hub-web/src/context/AuthCont
ext.tsx:73:15)
    at Landing (C:/Users/Adminis
trator/Desktop/capybara holding/
med-hub-web/src/pages/Landing.ts
x:10:39)
    at renderWithHooks (C:\Users
\Administrator\Desktop\capybara 
holding\med-hub-web\node_modules
\react-dom\cjs\react-dom.develop
ment.js:15486:18)
    at 
mountIndeterminateComponent (C:\
Users\Administrator\Desktop\capy
bara holding\med-hub-web\node_mo
dules\react-dom\cjs\react-dom.de
velopment.js:20103:13)
    at beginWork (C:\Users\Admin
istrator\Desktop\capybara holdin
g\med-hub-web\node_modules\react
-dom\cjs\react-dom.development.j
s:21626:16)
    at 
HTMLUnknownElement.callCallback 
(C:\Users\Administrator\Desktop\
capybara holding\med-hub-web\nod
e_modules\react-dom\cjs\react-do
m.development.js:4164:14)
    at HTMLUnknownElement.callTh
eUserObjectsOperation (C:\Users\
Administrator\Desktop\capybara h
olding\med-hub-web\node_modules\
jsdom\lib\jsdom\living\generated
\EventListener.js:26:30)
    at 
innerInvokeEventListeners (C:\Us
ers\Administrator\Desktop\capyba
ra holding\med-hub-web\node_modu
les\jsdom\lib\jsdom\living\event
s\EventTarget-impl.js:360:16)
    at invokeEventListeners (C:\
Users\Administrator\Desktop\capy
bara holding\med-hub-web\node_mo
dules\jsdom\lib\jsdom\living\eve
nts\EventTarget-impl.js:296:3)
    at HTMLUnknownElementImpl._d
ispatch (C:\Users\Administrator\
Desktop\capybara holding\med-hub
-web\node_modules\jsdom\lib\jsdo
m\living\events\EventTarget-impl
.js:243:9)
Error: useAuth must be used 
within an AuthProvider
    at useAuth (C:/Users/Adminis
trator/Desktop/capybara holding/
med-hub-web/src/context/AuthCont
ext.tsx:73:15)
    at Landing (C:/Users/Adminis
trator/Desktop/capybara holding/
med-hub-web/src/pages/Landing.ts
x:10:39)
    at renderWithHooks (C:\Users
\Administrator\Desktop\capybara 
holding\med-hub-web\node_modules
\react-dom\cjs\react-dom.develop
ment.js:15486:18)
    at 
mountIndeterminateComponent (C:\
Users\Administrator\Desktop\capy
bara holding\med-hub-web\node_mo
dules\react-dom\cjs\react-dom.de
velopment.js:20103:13)
    at beginWork (C:\Users\Admin
istrator\Desktop\capybara holdin
g\med-hub-web\node_modules\react
-dom\cjs\react-dom.development.j
s:21626:16)
    at 
HTMLUnknownElement.callCallback 
(C:\Users\Administrator\Desktop\
capybara holding\med-hub-web\nod
e_modules\react-dom\cjs\react-do
m.development.js:4164:14)
    at HTMLUnknownElement.callTh
eUserObjectsOperation (C:\Users\
Administrator\Desktop\capybara h
olding\med-hub-web\node_modules\
jsdom\lib\jsdom\living\generated
\EventListener.js:26:30)
    at 
innerInvokeEventListeners (C:\Us
ers\Administrator\Desktop\capyba
ra holding\med-hub-web\node_modu
les\jsdom\lib\jsdom\living\event
s\EventTarget-impl.js:360:16)
    at invokeEventListeners (C:\
Users\Administrator\Desktop\capy
bara holding\med-hub-web\node_mo
dules\jsdom\lib\jsdom\living\eve
nts\EventTarget-impl.js:296:3)
    at HTMLUnknownElementImpl._d
ispatch (C:\Users\Administrator\
Desktop\capybara holding\med-hub
-web\node_modules\jsdom\lib\jsdo
m\living\events\EventTarget-impl
.js:243:9)
[90mstderr[2m | src/pages/__te
sts__/Landing.test.tsx[2m > 
[22m[2mLanding Page[2m > 
[22m[2mrenders hero section 
correctly
[22m[39mThe above error 
occurred in the <Landing> 
component:

    at Landing (C:/Users/Adminis
trator/Desktop/capybara holding/
med-hub-web/src/pages/Landing.ts
x:17:70)
    at Router (C:\Users\Administ
rator\Desktop\capybara holding\m
ed-hub-web\node_modules\react-ro
uter\dist\umd\react-router.devel
opment.js:1207:17)
    at BrowserRouter (C:\Users\A
dministrator\Desktop\capybara ho
lding\med-hub-web\node_modules\r
eact-router-dom\dist\umd\react-r
outer-dom.development.js:695:7)

Consider adding an error 
boundary to your tree to 
customize error handling 
behavior.
Visit https://reactjs.org/link/e
rror-boundaries to learn more 
about error boundaries.

Error: useAuth must be used 
within an AuthProvider
    at useAuth (C:/Users/Adminis
trator/Desktop/capybara holding/
med-hub-web/src/context/AuthCont
ext.tsx:73:15)
    at Landing (C:/Users/Adminis
trator/Desktop/capybara holding/
med-hub-web/src/pages/Landing.ts
x:10:39)
    at renderWithHooks (C:\Users
\Administrator\Desktop\capybara 
holding\med-hub-web\node_modules
\react-dom\cjs\react-dom.develop
ment.js:15486:18)
    at 
mountIndeterminateComponent (C:\
Users\Administrator\Desktop\capy
bara holding\med-hub-web\node_mo
dules\react-dom\cjs\react-dom.de
velopment.js:20103:13)
    at beginWork (C:\Users\Admin
istrator\Desktop\capybara holdin
g\med-hub-web\node_modules\react
-dom\cjs\react-dom.development.j
s:21626:16)
    at 
HTMLUnknownElement.callCallback 
(C:\Users\Administrator\Desktop\
capybara holding\med-hub-web\nod
e_modules\react-dom\cjs\react-do
m.development.js:4164:14)
    at HTMLUnknownElement.callTh
eUserObjectsOperation (C:\Users\
Administrator\Desktop\capybara h
olding\med-hub-web\node_modules\
jsdom\lib\jsdom\living\generated
\EventListener.js:26:30)
    at 
innerInvokeEventListeners (C:\Us
ers\Administrator\Desktop\capyba
ra holding\med-hub-web\node_modu
les\jsdom\lib\jsdom\living\event
s\EventTarget-impl.js:360:16)
    at invokeEventListeners (C:\
Users\Administrator\Desktop\capy
bara holding\med-hub-web\node_mo
dules\jsdom\lib\jsdom\living\eve
nts\EventTarget-impl.js:296:3)
    at HTMLUnknownElementImpl._d
ispatch (C:\Users\Administrator\
Desktop\capybara holding\med-hub
-web\node_modules\jsdom\lib\jsdo
m\living\events\EventTarget-impl
.js:243:9)
Error: useAuth must be used 
within an AuthProvider
    at useAuth (C:/Users/Adminis
trator/Desktop/capybara holding/
med-hub-web/src/context/AuthCont
ext.tsx:73:15)
    at Landing (C:/Users/Adminis
trator/Desktop/capybara holding/
med-hub-web/src/pages/Landing.ts
x:10:39)
    at renderWithHooks (C:\Users
\Administrator\Desktop\capybara 
holding\med-hub-web\node_modules
\react-dom\cjs\react-dom.develop
ment.js:15486:18)
    at 
mountIndeterminateComponent (C:\
Users\Administrator\Desktop\capy
bara holding\med-hub-web\node_mo
dules\react-dom\cjs\react-dom.de
velopment.js:20103:13)
    at beginWork (C:\Users\Admin
istrator\Desktop\capybara holdin
g\med-hub-web\node_modules\react
-dom\cjs\react-dom.development.j
s:21626:16)
    at 
HTMLUnknownElement.callCallback 
(C:\Users\Administrator\Desktop\
capybara holding\med-hub-web\nod
e_modules\react-dom\cjs\react-do
m.development.js:4164:14)
    at HTMLUnknownElement.callTh
eUserObjectsOperation (C:\Users\
Administrator\Desktop\capybara h
olding\med-hub-web\node_modules\
jsdom\lib\jsdom\living\generated
\EventListener.js:26:30)
    at 
innerInvokeEventListeners (C:\Us
ers\Administrator\Desktop\capyba
ra holding\med-hub-web\node_modu
les\jsdom\lib\jsdom\living\event
s\EventTarget-impl.js:360:16)
    at invokeEventListeners (C:\
Users\Administrator\Desktop\capy
bara holding\med-hub-web\node_mo
dules\jsdom\lib\jsdom\living\eve
nts\EventTarget-impl.js:296:3)
    at HTMLUnknownElementImpl._d
ispatch (C:\Users\Administrator\
Desktop\capybara holding\med-hub
-web\node_modules\jsdom\lib\jsdo
m\living\events\EventTarget-impl
.js:243:9)
[90mstderr[2m | src/pages/__te
sts__/Landing.test.tsx[2m > 
[22m[2mLanding Page[2m > 
[22m[2mrenders feature cards
[22m[39mThe above error 
occurred in the <Landing> 
component:

    at Landing (C:/Users/Adminis
trator/Desktop/capybara holding/
med-hub-web/src/pages/Landing.ts
x:17:70)
    at Router (C:\Users\Administ
rator\Desktop\capybara holding\m
ed-hub-web\node_modules\react-ro
uter\dist\umd\react-router.devel
opment.js:1207:17)
    at BrowserRouter (C:\Users\A
dministrator\Desktop\capybara ho
lding\med-hub-web\node_modules\r
eact-router-dom\dist\umd\react-r
outer-dom.development.js:695:7)

Consider adding an error 
boundary to your tree to 
customize error handling 
behavior.
Visit https://reactjs.org/link/e
rror-boundaries to learn more 
about error boundaries.

Error: useAuth must be used 
within an AuthProvider
    at useAuth (C:/Users/Adminis
trator/Desktop/capybara holding/
med-hub-web/src/context/AuthCont
ext.tsx:73:15)
    at Landing (C:/Users/Adminis
trator/Desktop/capybara holding/
med-hub-web/src/pages/Landing.ts
x:10:39)
    at renderWithHooks (C:\Users
\Administrator\Desktop\capybara 
holding\med-hub-web\node_modules
\react-dom\cjs\react-dom.develop
ment.js:15486:18)
    at 
mountIndeterminateComponent (C:\
Users\Administrator\Desktop\capy
bara holding\med-hub-web\node_mo
dules\react-dom\cjs\react-dom.de
velopment.js:20103:13)
    at beginWork (C:\Users\Admin
istrator\Desktop\capybara holdin
g\med-hub-web\node_modules\react
-dom\cjs\react-dom.development.j
s:21626:16)
    at 
HTMLUnknownElement.callCallback 
(C:\Users\Administrator\Desktop\
capybara holding\med-hub-web\nod
e_modules\react-dom\cjs\react-do
m.development.js:4164:14)
    at HTMLUnknownElement.callTh
eUserObjectsOperation (C:\Users\
Administrator\Desktop\capybara h
olding\med-hub-web\node_modules\
jsdom\lib\jsdom\living\generated
\EventListener.js:26:30)
    at 
innerInvokeEventListeners (C:\Us
ers\Administrator\Desktop\capyba
ra holding\med-hub-web\node_modu
les\jsdom\lib\jsdom\living\event
s\EventTarget-impl.js:360:16)
    at invokeEventListeners (C:\
Users\Administrator\Desktop\capy
bara holding\med-hub-web\node_mo
dules\jsdom\lib\jsdom\living\eve
nts\EventTarget-impl.js:296:3)
    at HTMLUnknownElementImpl._d
ispatch (C:\Users\Administrator\
Desktop\capybara holding\med-hub
-web\node_modules\jsdom\lib\jsdo
m\living\events\EventTarget-impl
.js:243:9)
Error: useAuth must be used 
within an AuthProvider
    at useAuth (C:/Users/Adminis
trator/Desktop/capybara holding/
med-hub-web/src/context/AuthCont
ext.tsx:73:15)
    at Landing (C:/Users/Adminis
trator/Desktop/capybara holding/
med-hub-web/src/pages/Landing.ts
x:10:39)
    at renderWithHooks (C:\Users
\Administrator\Desktop\capybara 
holding\med-hub-web\node_modules
\react-dom\cjs\react-dom.develop
ment.js:15486:18)
    at 
mountIndeterminateComponent (C:\
Users\Administrator\Desktop\capy
bara holding\med-hub-web\node_mo
dules\react-dom\cjs\react-dom.de
velopment.js:20103:13)
    at beginWork (C:\Users\Admin
istrator\Desktop\capybara holdin
g\med-hub-web\node_modules\react
-dom\cjs\react-dom.development.j
s:21626:16)
    at 
HTMLUnknownElement.callCallback 
(C:\Users\Administrator\Desktop\
capybara holding\med-hub-web\nod
e_modules\react-dom\cjs\react-do
m.development.js:4164:14)
    at HTMLUnknownElement.callTh
eUserObjectsOperation (C:\Users\
Administrator\Desktop\capybara h
olding\med-hub-web\node_modules\
jsdom\lib\jsdom\living\generated
\EventListener.js:26:30)
    at 
innerInvokeEventListeners (C:\Us
ers\Administrator\Desktop\capyba
ra holding\med-hub-web\node_modu
les\jsdom\lib\jsdom\living\event
s\EventTarget-impl.js:360:16)
    at invokeEventListeners (C:\
Users\Administrator\Desktop\capy
bara holding\med-hub-web\node_mo
dules\jsdom\lib\jsdom\living\eve
nts\EventTarget-impl.js:296:3)
    at HTMLUnknownElementImpl._d
ispatch (C:\Users\Administrator\
Desktop\capybara holding\med-hub
-web\node_modules\jsdom\lib\jsdo
m\living\events\EventTarget-impl
.js:243:9)
[90mstderr[2m | src/pages/__te
sts__/Landing.test.tsx[2m > 
[22m[2mLanding Page[2m > 
[22m[2mrenders statistics 
section
[22m[39mThe above error 
occurred in the <Landing> 
component:

    at Landing (C:/Users/Adminis
trator/Desktop/capybara holding/
med-hub-web/src/pages/Landing.ts
x:17:70)
    at Router (C:\Users\Administ
rator\Desktop\capybara holding\m
ed-hub-web\node_modules\react-ro
uter\dist\umd\react-router.devel
opment.js:1207:17)
    at BrowserRouter (C:\Users\A
dministrator\Desktop\capybara ho
lding\med-hub-web\node_modules\r
eact-router-dom\dist\umd\react-r
outer-dom.development.js:695:7)

Consider adding an error 
boundary to your tree to 
customize error handling 
behavior.
Visit https://reactjs.org/link/e
rror-boundaries to learn more 
about error boundaries.

 [31mΓ¥»[39m src/pages/__tests__/Landing.test.tsx [2m([22m[2m3 tests[22m[2m | [22m[31m3 failed[39m[2m)[22m[32m 55[2mms[22m[39m
[31m     [31m├ù[31m renders hero section correctly[39m[32m 41[2mms[22m[39m
[31m     [31m├ù[31m renders feature cards[39m[32m 7[2mms[22m[39m
[31m     [31m├ù[31m renders statistics section[39m[32m 4[2mms[22m[39m
[90mstderr[2m | src/pages/__te
sts__/DashboardDoctor.test.tsx[
2m > [22m[2mDashboard 
Doctor[2m > [22m[2mrenders 
dashboard with user name
[22m[39mΓÜá∩╕Å React Router 
Future Flag Warning: React 
Router will begin wrapping 
state updates in 
`React.startTransition` in v7. 
You can use the 
`v7_startTransition` future 
flag to opt-in early. For more 
information, see https://reactro
uter.com/v6/upgrading/future#v7_
starttransition.
ΓÜá∩╕Å React Router Future Flag 
Warning: Relative route 
resolution within Splat routes 
is changing in v7. You can use 
the `v7_relativeSplatPath` 
future flag to opt-in early. 
For more information, see https:
//reactrouter.com/v6/upgrading/f
uture#v7_relativesplatpath.

 [31mΓ¥»[39m src/pages/__tests__/DashboardDoctor.test.tsx [2m([22m[2m3 tests[22m[2m | [22m[31m1 failed[39m[2m)[22m[33m 1337[2mms[22m[39m
[31m     [31m├ù[31m renders dashboard with user name[39m[33m 1083[2mms[22m[39m
     [32mΓ£ô[39m displays job cards after loading[32m 58[2mms[22m[39m
     [32mΓ£ô[39m switches tabs correctly[32m 193[2mms[22m[39m

[31mΓÄ»ΓÄ»ΓÄ»ΓÄ»ΓÄ»ΓÄ»ΓÄ»[39m
[1m[41m Failed Tests 4 [49m[2
2m[31mΓÄ»ΓÄ»ΓÄ»ΓÄ»ΓÄ»ΓÄ»ΓÄ»[39
m

[41m[1m FAIL [22m[49m src/pa
ges/__tests__/DashboardDoctor.te
st.tsx[2m > [22mDashboard 
Doctor[2m > [22mrenders 
dashboard with user name
[31m[1mTestingLibraryElementEr
ror[22m[39m: Unable to find 
an element with the text: /Dr. 
Teste/i. This could be because 
the text is broken up by 
multiple elements. In this 
case, you can provide a 
function for your text matcher 
to make your matcher more 
flexible.

Ignored nodes: comments, 
script, style
[36m<body>[39m
  [36m<div>[39m
    [36m<div[39m
      
[33mclass[39m=[32m"w-full 
h-full"[39m
    [36m>[39m
      [36m<div[39m
        [33mclass[39m=[32m"mi
n-h-screen bg-brand-bg 
text-brand-text font-sans 
selection:bg-brand-accent 
selection:text-white pb-20"[39m
      [36m>[39m
        [36m<div[39m
          
[33mclass[39m=[32m"fixed 
inset-0 overflow-hidden 
pointer-events-none"[39m
        [36m>[39m
          [36m<div[39m
            
[33mclass[39m=[32m"absolute 
top-0 right-0 w-[500px] 
h-[500px] bg-brand-accent/5 
rounded-full blur-3xl 
opacity-50"[39m
          [36m/>[39m
        [36m</div>[39m
        [36m<main[39m
          
[33mclass[39m=[32m"max-w-7xl 
mx-auto px-4 sm:px-6 lg:px-8 
py-12 relative z-10"[39m
        [36m>[39m
          [36m<div[39m
            
[33mclass[39m=[32m"lg:grid 
lg:grid-cols-12 lg:gap-8 
mb-12"[39m
          [36m>[39m
            [36m<div[39m
              [33mclass[39m=[
32m"lg:col-span-4 lg:sticky 
lg:top-24 h-fit mb-8 
lg:mb-0"[39m
            [36m>[39m
              [36m<div[39m
                [33mclass[39m=
[32m"glass-card rounded-[2rem] 
p-8 relative 
overflow-hidden"[39m
              [36m>[39m
                [36m<div[39m
                  
[33mclass[39m=[32m"absolute 
top-0 left-0 w-full h-24 
bg-gradient-to-r 
from-brand-accent/20 
to-brand-primary-900/20"[39m
                [36m/>[39m
                [36m<div[39m
                  
[33mclass[39m=[32m"relative 
z-10"[39m
                [36m>[39m
                  [36m<div[39m
                    
[33mclass[39m=[32m"w-24 h-24 
rounded-2xl bg-brand-surface 
border-4 border-brand-surface 
shadow-xl mb-6 flex 
items-center justify-center 
overflow-hidden"[39m
                  [36m>[39m
                    
[36m<svg[39m
                      
[33mclass[39m=[32m"lucide 
lucide-user w-10 h-10 
text-brand-subtext"[39m
                      
[33mfill[39m=[32m"none"[39m
                      
[33mheight[39m=[32m"24"[39m
                      [33mstrok
e[39m=[32m"currentColor"[39m
                      [33mstrok
e-linecap[39m=[32m"round"[39m
                      [33mstrok
e-linejoin[39m=[32m"round"[39
m
                      [33mstrok
e-width[39m=[32m"2"[39m
                      
[33mviewBox[39m=[32m"0 0 24 
24"[39m
                      
[33mwidth[39m=[32m"24"[39m
                      [33mxmlns
[39m=[32m"http://www.w3.org/20
00/svg"[39m
                    [36m>[39m
                      
[36m<path[39m
                        
[33md[39m=[32m"M19 21v-2a4 4 
0 0 0-4-4H9a4 4 0 0 0-4 
4v2"[39m
                      
[36m/>[39m
                      
[36m<circle[39m
                        
[33mcx[39m=[32m"12"[39m
                        
[33mcy[39m=[32m"7"[39m
                        
[33mr[39m=[32m"4"[39m
                      
[36m/>[39m
                    
[36m</svg>[39m
                  
[36m</div>[39m
                  [36m<h1[39m
                    
[33mclass[39m=[32m"text-3xl 
font-bold font-display 
text-white mb-1"[39m
                  [36m>[39m
                    [0mDr.[0m
                    [0m [0m
                    [0mDr.[0m
                  
[36m</h1>[39m
                  [36m<p[39m
                    [33mclass[
39m=[32m"text-brand-accent 
font-medium mb-6"[39m
                  [36m>[39m
                    
[0mCardiologia ΓÇó CRM/SP 
123456[0m
                  [36m</p>[39m
                  [36m<div[39m
                    
[33mclass[39m=[32m"space-y-2 
mb-8"[39m
                  [36m>[39m
                    
[36m<div[39m
                      
[33mclass[39m=[32m"flex 
items-center text-brand-subtext 
text-sm"[39m
                    [36m>[39m
                      
[36m<svg[39m
                        
[33mclass[39m=[32m"lucide 
lucide-map-pin w-4 h-4 
mr-2"[39m
                        
[33mfill[39m=[32m"none"[39m
                        
[33mheight[39m=[32m"24"[39m
                        [33mstr
oke[39m=[32m"currentColor"[39
m
                        [33mstr
oke-linecap[39m=[32m"round"[3
9m
                        [33mstr
oke-linejoin[39m=[32m"round"[
39m
                        [33mstr
oke-width[39m=[32m"2"[39m
                        
[33mviewBox[39m=[32m"0 0 24 
24"[39m
                        
[33mwidth[39m=[32m"24"[39m
                        [33mxml
ns[39m=[32m"http://www.w3.org/
2000/svg"[39m
                      
[36m>[39m
                        
[36m<path[39m
                          
[33md[39m=[32m"M20 10c0 6-8 
12-8 12s-8-6-8-12a8 8 0 0 1 16 
0Z"[39m
                        
[36m/>[39m
                        
[36m<circle[39m
                          
[33mcx[39m=[32m"12"[39m
                          
[33mcy[39m=[32m"10"[39m
                          
[33mr[39m=[32m"3"[39m
                        
[36m/>[39m
                      
[36m</svg>[39m
                      [0m S├úo 
Paulo, SP[0m
                    
[36m</div>[39m
                    
[36m<div[39m
                      
[33mclass[39m=[32m"flex 
items-center text-brand-subtext 
text-sm"[39m
                    [36m>[39m
                      
[36m<svg[39m
                        
[33mclass[39m=[32m"lucide 
lucide-building2 w-4 h-4 
mr-2"[39m
                        
[33mfill[39m=[32m"none"[39m
                        
[33mheight[39m=[32m"24"[39m
                        [33mstr
oke[39m=[32m"currentColor"[39
m
                        [33mstr
oke-linecap[39m=[32m"round"[3
9m
                        [33mstr
oke-linejoin[39m=[32m"round"[
39m
                        [33mstr
oke-width[39m=[32m"2"[39m
                        
[33mviewBox[39m=[32m"0 0 24 
24"[39m
                        
[33mwidth[39m=[32m"24"[39m
                        [33mxml
ns[39m=[32m"http://www.w3.org/
2000/svg"[39m
                      
[36m>[39m
                        
[36m<path[39m
                          
[33md[39m=[32m"M6 22V4a2 2 0 
0 1 2-2h8a2 2 0 0 1 2 
2v18Z"[39m
                        
[36m/>[39m
                        
[36m<path[39m
                          
[33md[39m=[32m"M6 12H4a2 2 0 
0 0-2 2v6a2 2 0 0 0 2 2h2"[39m
                        
[36m/>[39m
                        
[36m<path[39m
                          
[33md[39m=[32m"M18 9h2a2 2 0 
0 1 2 2v9a2 2 0 0 1-2 2h-2"[39m
                        
[36m/>[39m
                        
[36m<path[39m
                          
[33md[39m=[32m"M10 6h4"[39m
                        
[36m/>[39m
                        
[36m<path[39m
                          
[33md[39m=[32m"M10 10h4"[39m
                        
[36m/>[39m
                        
[36m<path[39m
                          
[33md[39m=[32m"M10 14h4"[39m
                        
[36m/>[39m
                        
[36m<path[39m
                          
[33md[39m=[32m"M10 18h4"[39m
                        
[36m/>[39m
                      
[36m</svg>[39m
...

Ignored nodes: comments, 
script, style
[36m<html>[39m
  [36m<head />[39m
  [36m<body>[39m
    [36m<div>[39m
      [36m<div[39m
        
[33mclass[39m=[32m"w-full 
h-full"[39m
      [36m>[39m
        [36m<div[39m
          [33mclass[39m=[32m"
min-h-screen bg-brand-bg 
text-brand-text font-sans 
selection:bg-brand-accent 
selection:text-white pb-20"[39m
        [36m>[39m
          [36m<div[39m
            
[33mclass[39m=[32m"fixed 
inset-0 overflow-hidden 
pointer-events-none"[39m
          [36m>[39m
            [36m<div[39m
              
[33mclass[39m=[32m"absolute 
top-0 right-0 w-[500px] 
h-[500px] bg-brand-accent/5 
rounded-full blur-3xl 
opacity-50"[39m
            [36m/>[39m
          [36m</div>[39m
          [36m<main[39m
            
[33mclass[39m=[32m"max-w-7xl 
mx-auto px-4 sm:px-6 lg:px-8 
py-12 relative z-10"[39m
          [36m>[39m
            [36m<div[39m
              
[33mclass[39m=[32m"lg:grid 
lg:grid-cols-12 lg:gap-8 
mb-12"[39m
            [36m>[39m
              [36m<div[39m
                [33mclass[39m=
[32m"lg:col-span-4 lg:sticky 
lg:top-24 h-fit mb-8 
lg:mb-0"[39m
              [36m>[39m
                [36m<div[39m
                  [33mclass[39
m=[32m"glass-card 
rounded-[2rem] p-8 relative 
overflow-hidden"[39m
                [36m>[39m
                  [36m<div[39m
                    
[33mclass[39m=[32m"absolute 
top-0 left-0 w-full h-24 
bg-gradient-to-r 
from-brand-accent/20 
to-brand-primary-900/20"[39m
                  [36m/>[39m
                  [36m<div[39m
                    
[33mclass[39m=[32m"relative 
z-10"[39m
                  [36m>[39m
                    
[36m<div[39m
                      
[33mclass[39m=[32m"w-24 h-24 
rounded-2xl bg-brand-surface 
border-4 border-brand-surface 
shadow-xl mb-6 flex 
items-center justify-center 
overflow-hidden"[39m
                    [36m>[39m
                      
[36m<svg[39m
                        
[33mclass[39m=[32m"lucide 
lucide-user w-10 h-10 
text-brand-subtext"[39m
                        
[33mfill[39m=[32m"none"[39m
                        
[33mheight[39m=[32m"24"[39m
                        [33mstr
oke[39m=[32m"currentColor"[39
m
                        [33mstr
oke-linecap[39m=[32m"round"[3
9m
                        [33mstr
oke-linejoin[39m=[32m"round"[
39m
                        [33mstr
oke-width[39m=[32m"2"[39m
                        
[33mviewBox[39m=[32m"0 0 24 
24"[39m
                        
[33mwidth[39m=[32m"24"[39m
                        [33mxml
ns[39m=[32m"http://www.w3.org/
2000/svg"[39m
                      
[36m>[39m
                        
[36m<path[39m
                          
[33md[39m=[32m"M19 21v-2a4 4 
0 0 0-4-4H9a4 4 0 0 0-4 
4v2"[39m
                        
[36m/>[39m
                        
[36m<circle[39m
                          
[33mcx[39m=[32m"12"[39m
                          
[33mcy[39m=[32m"7"[39m
                          
[33mr[39m=[32m"4"[39m
                        
[36m/>[39m
                      
[36m</svg>[39m
                    
[36m</div>[39m
                    
[36m<h1[39m
                      
[33mclass[39m=[32m"text-3xl 
font-bold font-display 
text-white mb-1"[39m
                    [36m>[39m
                      
[0mDr.[0m
                      [0m [0m
                      
[0mDr.[0m
                    
[36m</h1>[39m
                    [36m<p[39m
                      [33mclass
[39m=[32m"text-brand-accent 
font-medium mb-6"[39m
                    [36m>[39m
                      
[0mCardiologia ΓÇó CRM/SP 
123456[0m
                    
[36m</p>[39m
                    
[36m<div[39m
                      
[33mclass[39m=[32m"space-y-2 
mb-8"[39m
                    [36m>[39m
                      
[36m<div[39m
                        
[33mclass[39m=[32m"flex 
items-center text-brand-subtext 
text-sm"[39m
                      
[36m>[39m
                        
[36m<svg[39m
                          
[33mclass[39m=[32m"lucide 
lucide-map-pin w-4 h-4 
mr-2"[39m
                          
[33mfill[39m=[32m"none"[39m
                          
[33mheight[39m=[32m"24"[39m
                          [33ms
troke[39m=[32m"currentColor"[
39m
                          [33ms
troke-linecap[39m=[32m"round"
[39m
                          [33ms
troke-linejoin[39m=[32m"round"
[39m
                          [33ms
troke-width[39m=[32m"2"[39m
                          
[33mviewBox[39m=[32m"0 0 24 
24"[39m
                          
[33mwidth[39m=[32m"24"[39m
                          [33mx
mlns[39m=[32m"http://www.w3.or
g/2000/svg"[39m
                        
[36m>[39m
                          
[36m<path[39m
                            
[33md[39m=[32m"M20 10c0 6-8 
12-8 12s-8-6-8-12a8 8 0 0 1 16 
0Z"[39m
                          
[36m/>[39m
                          
[36m<circle[39m
                            
[33mcx[39m=[32m"12"[39m
                            
[33mcy[39m=[32m"10"[39m
                            
[33mr[39m=[32m"3"[39m
                          
[36m/>[39m
                        
[36m</svg>[39m
                        [0m 
S├úo Paulo, SP[0m
                      
[36m</div>[39m
                      
[36m<div[39m
                        
[33mclass[39m=[32m"flex 
items-center text-brand-subtext 
text-sm"[39m
                      
[36m>[39m
                        
[36m<svg[39m
                          
[33mclass[39m=[32m"lucide 
lucide-building2 w-4 h-4 
mr-2"[39m
                          
[33mfill[39m=[32m"none"[39m
                          
[33mheight[39m=[32m"24"[39m
                          [33ms
troke[39m=[32m"currentColor"[
39m
                          [33ms
troke-linecap[39m=[32m"round"
[39m
                          [33ms
troke-linejoin[39m=[32m"round"
[39m
                          [33ms
troke-width[39m=[32m"2"[39m
                          
[33mviewBox[39m=[32m"0 0 24 
24"[39m
                          
[33mwidth[39m=[32m"24"[39m
                          [33mx
mlns[39m=[32m"http://www.w3.or
g/2000/svg"[39m
                        
[36m>[39m
                          
[36m<path[39m
                            
[33md[39m=[32m"M6 22V4a2 2 0 
0 1 2-2h8a2 2 0 0 1 2 
2v18Z"[39m
                          
[36m/>[39m

[2m Test Files [22m [1m[31m2 failed[39m[22m[90m (2)[39m
[2m      Tests [22m [1m[31m4 failed[39m[22m[2m | [22m[1m[32m2 passed[39m[22m[90m (6)[39m
[2m   Start at [22m 13:24:48
[2m   Duration [22m 5.24s[2m (transform 422ms, setup 1.21s, import 756ms, tests 1.39s, environment 4.90s)[22m

                          
[36m<path[39m
                            
[33md[39m=[32m"M6 12H4a2 2 0 
0 0-2 2v6a2 2 0 0 0 2 2h2"[39m
                          
[36m/>[39m
                          
[36m<path[39m
                            
[33md[39m=[32m"M18 9h2a2 2 0 
0 1 2 2v9a2 2 0 0 1-2 2h-2"[39m
                          
[36m/>[39m
                          
[36m<path[39m
                            
[33md[39m=[32m"M10 6h4"[39m
                          
[36m/>[39m
                          
[36m<path[39m
                            
[33md[39m=[32m"M10 10h4"[39m
                          
[36m/>[39m
               ...
[90m [2mΓ¥»[22m 
Proxy.waitForWrapper node_module
s/@testing-library/dom/dist/wait
-for.js:[2m163:27[22m[39m
[36m [2mΓ¥»[22m src/pages/__t
ests__/DashboardDoctor.test.tsx:
[2m77:15[22m[39m
    [90m 75| [39m
    [90m 76| [39m        
[90m// Check if user name is 
displayed[39m
    [90m 77| [39m        
[35mawait[39m 
[34mwaitFor[39m(() 
[33m=>[39m {
    [90m   | [39m             
 [31m^[39m
    [90m 78| [39m            
[34mexpect[39m(screen[33m.[39
m[34mgetByText[39m([36m/Dr. T
este/i[39m))[33m.[39m[34mtoB
eInTheDocument[39m()[33m;[39m
    [90m 79| [39m        
})[33m;[39m

[31m[2mΓÄ»ΓÄ»ΓÄ»ΓÄ»ΓÄ»ΓÄ»ΓÄ»ΓÄ
»ΓÄ»ΓÄ»ΓÄ»ΓÄ»ΓÄ»ΓÄ»ΓÄ»ΓÄ»ΓÄ»ΓÄ»Γ
Ä»ΓÄ»ΓÄ»ΓÄ»ΓÄ»ΓÄ»[1/4]ΓÄ»[22m[
39m

[41m[1m FAIL [22m[49m src/pa
ges/__tests__/Landing.test.tsx[
2m > [22mLanding Page[2m > 
[22mrenders hero section 
correctly
[41m[1m FAIL [22m[49m src/pa
ges/__tests__/Landing.test.tsx[
2m > [22mLanding Page[2m > 
[22mrenders feature cards
[41m[1m FAIL [22m[49m src/pa
ges/__tests__/Landing.test.tsx[
2m > [22mLanding Page[2m > 
[22mrenders statistics section
[31m[1mError[22m: useAuth 
must be used within an 
AuthProvider[39m
[36m [2mΓ¥»[22m useAuth src/c
ontext/AuthContext.tsx:[2m73:15
[22m[39m
    [90m 71| [39m    
[35mconst[39m context 
[33m=[39m [34museContext[39m
([33mAuthContext[39m)[33m;[3
9m
    [90m 72| [39m    
[35mif[39m 
([33m![39mcontext) {
    [90m 73| [39m        
[35mthrow[39m [35mnew[39m 
[33mError[39m([32m'useAuth 
must be used within an 
AuthProvider'[39m)[33m;[39m
    [90m   | [39m             
 [31m^[39m
    [90m 74| [39m    }
    [90m 75| [39m    
[35mreturn[39m 
context[33m;[39m
[90m [2mΓ¥»[22m Landing src/p
ages/Landing.tsx:[2m10:39[22m
[39m
[90m [2mΓ¥»[22m 
renderWithHooks node_modules/rea
ct-dom/cjs/react-dom.development
.js:[2m15486:18[22m[39m
[90m [2mΓ¥»[22m 
mountIndeterminateComponent node
_modules/react-dom/cjs/react-dom
.development.js:[2m20103:13[22
m[39m
[90m [2mΓ¥»[22m beginWork nod
e_modules/react-dom/cjs/react-do
m.development.js:[2m21626:16[2
2m[39m
[90m [2mΓ¥»[22m beginWork$1 n
ode_modules/react-dom/cjs/react-
dom.development.js:[2m27465:14
[22m[39m
[90m [2mΓ¥»[22m 
performUnitOfWork node_modules/r
eact-dom/cjs/react-dom.developme
nt.js:[2m26599:12[22m[39m
[90m [2mΓ¥»[22m workLoopSync 
node_modules/react-dom/cjs/react
-dom.development.js:[2m26505:5
[22m[39m
[90m [2mΓ¥»[22m 
renderRootSync node_modules/reac
t-dom/cjs/react-dom.development.
js:[2m26473:7[22m[39m
[90m [2mΓ¥»[22m 
recoverFromConcurrentError node_
modules/react-dom/cjs/react-dom.
development.js:[2m25889:20[22m
[39m

[31m[2mΓÄ»ΓÄ»ΓÄ»ΓÄ»ΓÄ»ΓÄ»ΓÄ»ΓÄ
»ΓÄ»ΓÄ»ΓÄ»ΓÄ»ΓÄ»ΓÄ»ΓÄ»ΓÄ»ΓÄ»ΓÄ»Γ
Ä»ΓÄ»ΓÄ»ΓÄ»ΓÄ»ΓÄ»[2/4]ΓÄ»[22m[
39m

